<testsuites name="results">
  <testsuite name="all" package="all">
    <property name="random_seed" value="1774287677" />
    <testcase name="test_register_defaults" classname="test_axi_lite_pwm" file="/Users/jenishmurdia/Desktop/Phinity_labs/axi_lite_slave/tests/test_axi_lite_pwm.py" lineno="20" time="0.002062082290649414" sim_time_ns="0.0" ratio_time="0.0">
      <failure error_type="ValueError" error_msg="Cannot convert Logic('X') to bool" />
    </testcase>
    <testcase name="test_pwm_basic_operation" classname="test_axi_lite_pwm" file="/Users/jenishmurdia/Desktop/Phinity_labs/axi_lite_slave/tests/test_axi_lite_pwm.py" lineno="1" time="3825.7711658477783" sim_time_ns="1878205490.0" ratio_time="490935.13662461715">
      <failure error_type="SimFailure" error_msg="Simulator shut down prematurely" />
    </testcase>
    <testcase name="test_pwm_inversion" classname="test_axi_lite_pwm" file="/Users/jenishmurdia/Desktop/Phinity_labs/axi_lite_slave/tests/test_axi_lite_pwm.py" lineno="1" time="0" sim_time_ns="0" ratio_time="nan">
      <failure error_type="SimFailure" error_msg="Simulator shut down prematurely" />
    </testcase>
    <testcase name="test_concurrent_channels" classname="test_axi_lite_pwm" file="/Users/jenishmurdia/Desktop/Phinity_labs/axi_lite_slave/tests/test_axi_lite_pwm.py" lineno="1" time="0" sim_time_ns="0" ratio_time="nan">
      <failure error_type="SimFailure" error_msg="Simulator shut down prematurely" />
    </testcase>
  </testsuite>
</testsuites>